HYPERTABLE syntax error - Bad task definition on line 8 of 'test.def'
HYPERTABLE syntax error - Bad task definition on line 8 of 'test.def'
HYPERTABLE syntax error - Missing terminating '}' in task definition on line 8 of 'test.def'
HYPERTABLE syntax error - Bad task definition on line 8 of 'test.def'
HYPERTABLE syntax error - Bad task definition on line 8 of 'test.def'
HYPERTABLE syntax error - Invalid task name (8foo) on line 8 of 'test.def'
HYPERTABLE syntax error - Invalid task name (foo-bar) on line 8 of 'test.def'
HYPERTABLE syntax error - Undefined role (slave) on line 8 of 'test.def'
HYPERTABLE syntax error - Invalid ssh: statement (curly brace not found) on line 9 of 'test.def'
HYPERTABLE syntax error - Invalid ssh: statement (Unknown option 'bad-option=1') on line 9 of 'test.def'
HYPERTABLE syntax error - Invalid ssh: statement (curly brace not found) on line 12 of 'test.def'
HYPERTABLE syntax error - Invalid ssh: statement on line 9 of 'test.def'
HYPERTABLE syntax error - Invalid ssh: statement on line 10 of 'test.def'
HYPERTABLE syntax error - Invalid ssh: statement on line 11 of 'test.def'
HYPERTABLE syntax error - Invalid ssh: statement (curly brace not found) on line 13 of 'test.def'
HYPERTABLE syntax error - Task name 'CLUSTER_BUILTIN_display_line' conflicts with built-in on line 8 of 'test.def'
HYPERTABLE syntax error - Task name 'show_variables' conflicts with built-in on line 8 of 'test.def'
ok: ROLE_foo="ht-good-master"

ok: ROLE_foo="ht-good - ${ROLE_master}"

ok: ROLE_foo="ht-good -${ROLE_master}"

ok: ROLE_foo="ht-good -slave"

