num=123
num=123
num=123
num=123
num=123, str=joe
num=123, str=joe
num=123
num=123, str=joe
num=123, str=joe, bval=1
num=123, str=joe, bval=1, num64=123456789, str2=Palo Alto
num=123, num64=123456789
num=123, num64=123456789
num=123, num64=123456789
