Recovered rsc1: {MetaLog::Entity BalancePlanAuthority header={type=196608,checksum=-788036717,id=2,timestamp=0,flags=0,length=623} payload={ generation 1 rs1: {Plan: type=0, replay_plan={ReplayPlan: num_entries=0}, receiver_plan={ReceiverPlan: num_entries=2{ServerReceiverPlan:{TableIdentifier: id='0/0' generation=0}{RangeSpec: start='start_root0' end='end_root0'}{RangeState: state=STEADY timestamp=0 soft_limit=0}, location=rs2}{ServerReceiverPlan:{TableIdentifier: id='0/0' generation=0}{RangeSpec: start='start_root1' end='end_root1'}{RangeState: state=STEADY timestamp=0 soft_limit=0}, location=rs3}}} {Plan: type=1, replay_plan={ReplayPlan: num_entries=0}, receiver_plan={ReceiverPlan: num_entries=2{ServerReceiverPlan:{TableIdentifier: id='1/0' generation=0}{RangeSpec: start='start_meta1' end='end_meta1'}{RangeState: state=STEADY timestamp=0 soft_limit=0}, location=rs2}{ServerReceiverPlan:{TableIdentifier: id='1/0' generation=0}{RangeSpec: start='start_meta2' end='end_meta2'}{RangeState: state=STEADY timestamp=0 soft_limit=0}, location=rs3}}} {Plan: type=3, replay_plan={ReplayPlan: num_entries=0}, receiver_plan={ReceiverPlan: num_entries=3{ServerReceiverPlan:{TableIdentifier: id='2/0' generation=0}{RangeSpec: start='start_user1' end='end_user1'}{RangeState: state=STEADY timestamp=0 soft_limit=0}, location=rs2}{ServerReceiverPlan:{TableIdentifier: id='2/0' generation=0}{RangeSpec: start='start_user2' end='end_user2'}{RangeState: state=STEADY timestamp=0 soft_limit=0}, location=rs3}{ServerReceiverPlan:{TableIdentifier: id='2/0' generation=0}{RangeSpec: start='start_user3' end='end_user3'}{RangeState: state=STEADY timestamp=0 soft_limit=0}, location=rs4}}} current_set={}}

Recovered rsc2: {MetaLog::Entity BalancePlanAuthority header={type=196608,checksum=1198369870,id=2,timestamp=0,flags=0,length=996} payload={ generation 2 rs1: {Plan: type=0, replay_plan={ReplayPlan: num_entries=0}, receiver_plan={ReceiverPlan: num_entries=1{ServerReceiverPlan:{TableIdentifier: id='0/0' generation=0}{RangeSpec: start='start_root1' end='end_root1'}{RangeState: state=STEADY timestamp=0 soft_limit=0}, location=rs3}}} {Plan: type=1, replay_plan={ReplayPlan: num_entries=0}, receiver_plan={ReceiverPlan: num_entries=1{ServerReceiverPlan:{TableIdentifier: id='1/0' generation=0}{RangeSpec: start='start_meta2' end='end_meta2'}{RangeState: state=STEADY timestamp=0 soft_limit=0}, location=rs3}}} {Plan: type=3, replay_plan={ReplayPlan: num_entries=0}, receiver_plan={ReceiverPlan: num_entries=2{ServerReceiverPlan:{TableIdentifier: id='2/0' generation=0}{RangeSpec: start='start_user2' end='end_user2'}{RangeState: state=STEADY timestamp=0 soft_limit=0}, location=rs3}{ServerReceiverPlan:{TableIdentifier: id='2/0' generation=0}{RangeSpec: start='start_user3' end='end_user3'}{RangeState: state=STEADY timestamp=0 soft_limit=0}, location=rs4}}} rs2: {Plan: type=0, replay_plan={ReplayPlan: num_entries=0}, receiver_plan={ReceiverPlan: num_entries=2{ServerReceiverPlan:{TableIdentifier: id='0/0' generation=0}{RangeSpec: start='start_root0' end='end_root0'}{RangeState: state=STEADY timestamp=0 soft_limit=0}, location=rs3}{ServerReceiverPlan:{TableIdentifier: id='0/0' generation=0}{RangeSpec: start='start_root1' end='end_root1'}{RangeState: state=STEADY timestamp=0 soft_limit=0}, location=rs4}}} {Plan: type=1, replay_plan={ReplayPlan: num_entries=0}, receiver_plan={ReceiverPlan: num_entries=2{ServerReceiverPlan:{TableIdentifier: id='1/0' generation=0}{RangeSpec: start='start_meta1' end='end_meta1'}{RangeState: state=STEADY timestamp=0 soft_limit=0}, location=rs3}{ServerReceiverPlan:{TableIdentifier: id='1/0' generation=0}{RangeSpec: start='start_meta2' end='end_meta2'}{RangeState: state=STEADY timestamp=0 soft_limit=0}, location=rs4}}} {Plan: type=3, replay_plan={ReplayPlan: num_entries=0}, receiver_plan={ReceiverPlan: num_entries=3{ServerReceiverPlan:{TableIdentifier: id='2/0' generation=0}{RangeSpec: start='start_user1' end='end_user1'}{RangeState: state=STEADY timestamp=0 soft_limit=0}, location=rs3}{ServerReceiverPlan:{TableIdentifier: id='2/0' generation=0}{RangeSpec: start='start_user2' end='end_user2'}{RangeState: state=STEADY timestamp=0 soft_limit=0}, location=rs4}{ServerReceiverPlan:{TableIdentifier: id='2/0' generation=0}{RangeSpec: start='start_user3' end='end_user3'}{RangeState: state=STEADY timestamp=0 soft_limit=0}, location=rs5}}} current_set={}}

Recovered rsc3: {MetaLog::Entity BalancePlanAuthority header={type=196608,checksum=-222658351,id=2,timestamp=0,flags=0,length=1100} payload={ generation 3 rs1: {Plan: type=3, replay_plan={ReplayPlan: num_entries=0}, receiver_plan={ReceiverPlan: num_entries=1{ServerReceiverPlan:{TableIdentifier: id='2/0' generation=0}{RangeSpec: start='start_user3' end='end_user3'}{RangeState: state=STEADY timestamp=0 soft_limit=0}, location=rs4}}} rs2: {Plan: type=0, replay_plan={ReplayPlan: num_entries=0}, receiver_plan={ReceiverPlan: num_entries=1{ServerReceiverPlan:{TableIdentifier: id='0/0' generation=0}{RangeSpec: start='start_root1' end='end_root1'}{RangeState: state=STEADY timestamp=0 soft_limit=0}, location=rs4}}} {Plan: type=1, replay_plan={ReplayPlan: num_entries=0}, receiver_plan={ReceiverPlan: num_entries=1{ServerReceiverPlan:{TableIdentifier: id='1/0' generation=0}{RangeSpec: start='start_meta2' end='end_meta2'}{RangeState: state=STEADY timestamp=0 soft_limit=0}, location=rs4}}} {Plan: type=3, replay_plan={ReplayPlan: num_entries=0}, receiver_plan={ReceiverPlan: num_entries=2{ServerReceiverPlan:{TableIdentifier: id='2/0' generation=0}{RangeSpec: start='start_user2' end='end_user2'}{RangeState: state=STEADY timestamp=0 soft_limit=0}, location=rs4}{ServerReceiverPlan:{TableIdentifier: id='2/0' generation=0}{RangeSpec: start='start_user3' end='end_user3'}{RangeState: state=STEADY timestamp=0 soft_limit=0}, location=rs5}}} rs3: {Plan: type=0, replay_plan={ReplayPlan: num_entries=0}, receiver_plan={ReceiverPlan: num_entries=2{ServerReceiverPlan:{TableIdentifier: id='0/0' generation=0}{RangeSpec: start='start_root0' end='end_root0'}{RangeState: state=STEADY timestamp=0 soft_limit=0}, location=rs4}{ServerReceiverPlan:{TableIdentifier: id='0/0' generation=0}{RangeSpec: start='start_root1' end='end_root1'}{RangeState: state=STEADY timestamp=0 soft_limit=0}, location=rs5}}} {Plan: type=1, replay_plan={ReplayPlan: num_entries=0}, receiver_plan={ReceiverPlan: num_entries=2{ServerReceiverPlan:{TableIdentifier: id='1/0' generation=0}{RangeSpec: start='start_meta1' end='end_meta1'}{RangeState: state=STEADY timestamp=0 soft_limit=0}, location=rs4}{ServerReceiverPlan:{TableIdentifier: id='1/0' generation=0}{RangeSpec: start='start_meta2' end='end_meta2'}{RangeState: state=STEADY timestamp=0 soft_limit=0}, location=rs5}}} {Plan: type=3, replay_plan={ReplayPlan: num_entries=0}, receiver_plan={ReceiverPlan: num_entries=3{ServerReceiverPlan:{TableIdentifier: id='2/0' generation=0}{RangeSpec: start='start_user1' end='end_user1'}{RangeState: state=STEADY timestamp=0 soft_limit=0}, location=rs4}{ServerReceiverPlan:{TableIdentifier: id='2/0' generation=0}{RangeSpec: start='start_user3' end='end_user3'}{RangeState: state=STEADY timestamp=0 soft_limit=0}, location=rs4}{ServerReceiverPlan:{TableIdentifier: id='2/0' generation=0}{RangeSpec: start='start_user2' end='end_user2'}{RangeState: state=STEADY timestamp=0 soft_limit=0}, location=rs5}}} current_set={}}

Recovered rsc4: {MetaLog::Entity BalancePlanAuthority header={type=196608,checksum=1376762444,id=2,timestamp=0,flags=0,length=1030} payload={ generation 4 rs1: rs2: {Plan: type=3, replay_plan={ReplayPlan: num_entries=0}, receiver_plan={ReceiverPlan: num_entries=1{ServerReceiverPlan:{TableIdentifier: id='2/0' generation=0}{RangeSpec: start='start_user3' end='end_user3'}{RangeState: state=STEADY timestamp=0 soft_limit=0}, location=rs5}}} rs3: {Plan: type=0, replay_plan={ReplayPlan: num_entries=0}, receiver_plan={ReceiverPlan: num_entries=1{ServerReceiverPlan:{TableIdentifier: id='0/0' generation=0}{RangeSpec: start='start_root1' end='end_root1'}{RangeState: state=STEADY timestamp=0 soft_limit=0}, location=rs5}}} {Plan: type=1, replay_plan={ReplayPlan: num_entries=0}, receiver_plan={ReceiverPlan: num_entries=1{ServerReceiverPlan:{TableIdentifier: id='1/0' generation=0}{RangeSpec: start='start_meta2' end='end_meta2'}{RangeState: state=STEADY timestamp=0 soft_limit=0}, location=rs5}}} {Plan: type=3, replay_plan={ReplayPlan: num_entries=0}, receiver_plan={ReceiverPlan: num_entries=1{ServerReceiverPlan:{TableIdentifier: id='2/0' generation=0}{RangeSpec: start='start_user2' end='end_user2'}{RangeState: state=STEADY timestamp=0 soft_limit=0}, location=rs5}}} rs4: {Plan: type=0, replay_plan={ReplayPlan: num_entries=0}, receiver_plan={ReceiverPlan: num_entries=2{ServerReceiverPlan:{TableIdentifier: id='0/0' generation=0}{RangeSpec: start='start_root0' end='end_root0'}{RangeState: state=STEADY timestamp=0 soft_limit=0}, location=rs5}{ServerReceiverPlan:{TableIdentifier: id='0/0' generation=0}{RangeSpec: start='start_root1' end='end_root1'}{RangeState: state=STEADY timestamp=0 soft_limit=0}, location=rs5}}} {Plan: type=1, replay_plan={ReplayPlan: num_entries=0}, receiver_plan={ReceiverPlan: num_entries=2{ServerReceiverPlan:{TableIdentifier: id='1/0' generation=0}{RangeSpec: start='start_meta1' end='end_meta1'}{RangeState: state=STEADY timestamp=0 soft_limit=0}, location=rs5}{ServerReceiverPlan:{TableIdentifier: id='1/0' generation=0}{RangeSpec: start='start_meta2' end='end_meta2'}{RangeState: state=STEADY timestamp=0 soft_limit=0}, location=rs5}}} {Plan: type=3, replay_plan={ReplayPlan: num_entries=0}, receiver_plan={ReceiverPlan: num_entries=3{ServerReceiverPlan:{TableIdentifier: id='2/0' generation=0}{RangeSpec: start='start_user1' end='end_user1'}{RangeState: state=STEADY timestamp=0 soft_limit=0}, location=rs5}{ServerReceiverPlan:{TableIdentifier: id='2/0' generation=0}{RangeSpec: start='start_user2' end='end_user2'}{RangeState: state=STEADY timestamp=0 soft_limit=0}, location=rs5}{ServerReceiverPlan:{TableIdentifier: id='2/0' generation=0}{RangeSpec: start='start_user3' end='end_user3'}{RangeState: state=STEADY timestamp=0 soft_limit=0}, location=rs5}}} current_set={}}
