[Hypertable] NOTICE: Recovery of rs1 (HOSTNAME) starting
Failure of range server rs1 (HOSTNAME) has been detected. Starting recovery...
[Hypertable] NOTICE: Recovery of rs1 (HOSTNAME) succeeded
Recovery of range server rs1 (HOSTNAME) has succeeded.
