RSML Version 2
---  0  ---
log version: 2
{MetaLog::Entity RemoveOkLogs header={type=65541,checksum=1374909140,id=2,timestamp=Mon Jan  5 18:38:03 2015,flags=0,length=12} payload={}
{MetaLog::Entity Range header={type=65538,checksum=-566117306,id=3,timestamp=Mon Jan  5 18:38:03 2015,flags=0,length=55} payload={ {TableIdentifier: id='0/0' generation=3} {RangeSpec: start='' end='0/0:ÿÿ'} {RangeState: state=STEADY timestamp=0 soft_limit=10000 transfer_log='' split_point='' old_boundary_row='' source=''} needs_compaction=false load_acknowledged=false }
{MetaLog::Entity RemoveOkLogs header={type=65541,checksum=-943229996,id=2,timestamp=Mon Jan  5 18:38:03 2015,flags=0,length=14} payload={ }
{MetaLog::Entity Range header={type=65538,checksum=-532562618,id=3,timestamp=Mon Jan  5 18:38:03 2015,flags=0,length=55} payload={ {TableIdentifier: id='0/0' generation=3} {RangeSpec: start='' end='0/0:ÿÿ'} {RangeState: state=STEADY timestamp=0 soft_limit=10000 transfer_log='' split_point='' old_boundary_row='' source=''} needs_compaction=false load_acknowledged=true }
{MetaLog::Entity Range header={type=65538,checksum=-743982008,id=4,timestamp=Mon Jan  5 18:38:04 2015,flags=0,length=57} payload={ {TableIdentifier: id='0/0' generation=3} {RangeSpec: start='0/0:ÿÿ' end='ÿÿ'} {RangeState: state=STEADY timestamp=0 soft_limit=10000 transfer_log='' split_point='' old_boundary_row='' source=''} needs_compaction=false load_acknowledged=false }
{MetaLog::Entity RemoveOkLogs header={type=65541,checksum=-943229996,id=2,timestamp=Mon Jan  5 18:38:03 2015,flags=0,length=14} payload={ }
{MetaLog::Entity Range header={type=65538,checksum=-710427320,id=4,timestamp=Mon Jan  5 18:38:04 2015,flags=0,length=57} payload={ {TableIdentifier: id='0/0' generation=3} {RangeSpec: start='0/0:ÿÿ' end='ÿÿ'} {RangeState: state=STEADY timestamp=0 soft_limit=10000 transfer_log='' split_point='' old_boundary_row='' source=''} needs_compaction=false load_acknowledged=true }
{MetaLog::Entity Range header={type=65538,checksum=1451317232,id=5,timestamp=Mon Jan  5 18:38:05 2015,flags=0,length=51} payload={ {TableIdentifier: id='0/1' generation=1} {RangeSpec: start='' end='ÿÿ'} {RangeState: state=STEADY timestamp=0 soft_limit=9000 transfer_log='' split_point='' old_boundary_row='' source=''} needs_compaction=false load_acknowledged=false }
{MetaLog::Entity RemoveOkLogs header={type=65541,checksum=-943229996,id=2,timestamp=Mon Jan  5 18:38:03 2015,flags=0,length=14} payload={ }
{MetaLog::Entity Range header={type=65538,checksum=1484871920,id=5,timestamp=Mon Jan  5 18:38:05 2015,flags=0,length=51} payload={ {TableIdentifier: id='0/1' generation=1} {RangeSpec: start='' end='ÿÿ'} {RangeState: state=STEADY timestamp=0 soft_limit=9000 transfer_log='' split_point='' old_boundary_row='' source=''} needs_compaction=false load_acknowledged=true }
{MetaLog::Entity Range header={type=65538,checksum=-738057557,id=6,timestamp=Mon Jan  5 18:38:06 2015,flags=0,length=49} payload={ {TableIdentifier: id='2' generation=1420483085791997000} {RangeSpec: start='' end='ÿÿ'} {RangeState: state=STEADY timestamp=0 soft_limit=9000 transfer_log='' split_point='' old_boundary_row='' source=''} needs_compaction=false load_acknowledged=false }
{MetaLog::Entity RemoveOkLogs header={type=65541,checksum=-943229996,id=2,timestamp=Mon Jan  5 18:38:03 2015,flags=0,length=14} payload={ }
{MetaLog::Entity Range header={type=65538,checksum=-704502869,id=6,timestamp=Mon Jan  5 18:38:06 2015,flags=0,length=49} payload={ {TableIdentifier: id='2' generation=1420483085791997000} {RangeSpec: start='' end='ÿÿ'} {RangeState: state=STEADY timestamp=0 soft_limit=9000 transfer_log='' split_point='' old_boundary_row='' source=''} needs_compaction=false load_acknowledged=true }
{MetaLog::Entity Range header={type=65538,checksum=500831826,id=6,timestamp=Mon Jan  5 18:38:06 2015,flags=0,length=138} payload={ {TableIdentifier: id='2' generation=1420483085791997000} {RangeSpec: start='' end='ÿÿ'} {RangeState: state=SPLIT_LOG_INSTALLED timestamp=0 soft_limit=9000 transfer_log='/hypertable/tables/2/_xfer/9UK5wN2AldHbeC9A_1420483087' split_point='000000000004064269471072392265' old_boundary_row='ÿÿ' source='rs1'} needs_compaction=false load_acknowledged=true }
{MetaLog::Entity Range header={type=65538,checksum=-1297151121,id=6,timestamp=Mon Jan  5 18:38:06 2015,flags=0,length=166} payload={ {TableIdentifier: id='2' generation=1420483085791997000} {RangeSpec: start='' end='000000000004064269471072392265'} {RangeState: state=SPLIT_SHRUNK timestamp=0 soft_limit=9000 transfer_log='/hypertable/tables/2/_xfer/9UK5wN2AldHbeC9A_1420483087' split_point='000000000004064269471072392265' old_boundary_row='ÿÿ' source='rs1'} needs_compaction=false load_acknowledged=true }
{MetaLog::Entity Range header={type=65538,checksum=-1701365008,id=6,timestamp=Mon Jan  5 18:38:06 2015,flags=0,length=77} payload={ {TableIdentifier: id='2' generation=1420483085791997000} {RangeSpec: start='' end='000000000004064269471072392265'} {RangeState: state=STEADY timestamp=0 soft_limit=18000 transfer_log='' split_point='' old_boundary_row='' source=''} needs_compaction=false load_acknowledged=true }
{MetaLog::Entity TaskAcknowledgeRelinquish 2[000000000004064269471072392265..ÿÿ] header={type=65540,checksum=-1719683946,id=7,timestamp=Mon Jan  5 18:38:07 2015,flags=0,length=54} payload={ rs1 {TableIdentifier: id='2' generation=1420483085791997000} {RangeSpec: start='000000000004064269471072392265' end='ÿÿ'} }
{MetaLog::Entity Range header={type=65538,checksum=1893438720,id=8,timestamp=Mon Jan  5 18:38:07 2015,flags=0,length=133} payload={ {TableIdentifier: id='2' generation=1420483085791997000} {RangeSpec: start='000000000004064269471072392265' end='ÿÿ'} {RangeState: state=STEADY timestamp=0 soft_limit=18000 transfer_log='/hypertable/tables/2/_xfer/9UK5wN2AldHbeC9A_1420483087' split_point='' old_boundary_row='' source=''} needs_compaction=false load_acknowledged=false }
{MetaLog::Entity RemoveOkLogs header={type=65541,checksum=2097709871,id=2,timestamp=Mon Jan  5 18:38:03 2015,flags=0,length=70} payload={ , /hypertable/tables/2/_xfer/9UK5wN2AldHbeC9A_1420483087}
{MetaLog::Entity Range header={type=65538,checksum=1867680312,id=6,timestamp=Mon Jan  5 18:38:06 2015,flags=0,length=194} payload={ {TableIdentifier: id='2' generation=1420483085791997000} {RangeSpec: start='' end='000000000004064269471072392265'} {RangeState: state=SPLIT_LOG_INSTALLED timestamp=0 soft_limit=18000 transfer_log='/hypertable/tables/2/_xfer/cIJhlPcAFphym0me_1420483087' split_point='000000000001596658653041296076' old_boundary_row='000000000004064269471072392265' source='rs1'} needs_compaction=false load_acknowledged=true }
{MetaLog::Entity Range header={type=65538,checksum=1926993408,id=8,timestamp=Mon Jan  5 18:38:07 2015,flags=0,length=133} payload={ {TableIdentifier: id='2' generation=1420483085791997000} {RangeSpec: start='000000000004064269471072392265' end='ÿÿ'} {RangeState: state=STEADY timestamp=0 soft_limit=18000 transfer_log='/hypertable/tables/2/_xfer/9UK5wN2AldHbeC9A_1420483087' split_point='' old_boundary_row='' source=''} needs_compaction=false load_acknowledged=true }
{MetaLog::Entity Range header={type=65538,checksum=739218999,id=6,timestamp=Mon Jan  5 18:38:06 2015,flags=0,length=194} payload={ {TableIdentifier: id='2' generation=1420483085791997000} {RangeSpec: start='' end='000000000001596658653041296076'} {RangeState: state=SPLIT_SHRUNK timestamp=0 soft_limit=18000 transfer_log='/hypertable/tables/2/_xfer/cIJhlPcAFphym0me_1420483087' split_point='000000000001596658653041296076' old_boundary_row='000000000004064269471072392265' source='rs1'} needs_compaction=false load_acknowledged=true }
{MetaLog::Entity Range header={type=65538,checksum=1342082111,id=6,timestamp=Mon Jan  5 18:38:06 2015,flags=0,length=77} payload={ {TableIdentifier: id='2' generation=1420483085791997000} {RangeSpec: start='' end='000000000001596658653041296076'} {RangeState: state=STEADY timestamp=0 soft_limit=36000 transfer_log='' split_point='' old_boundary_row='' source=''} needs_compaction=false load_acknowledged=true }
{MetaLog::Entity TaskAcknowledgeRelinquish 2[000000000001596658653041296076..000000000004064269471072392265] header={type=65540,checksum=-908078955,id=9,timestamp=Mon Jan  5 18:38:08 2015,flags=0,length=82} payload={ rs1 {TableIdentifier: id='2' generation=1420483085791997000} {RangeSpec: start='000000000001596658653041296076' end='000000000004064269471072392265'} }
{MetaLog::Entity Range header={type=65538,checksum=1920219122,id=10,timestamp=Mon Jan  5 18:38:08 2015,flags=0,length=161} payload={ {TableIdentifier: id='2' generation=1420483085791997000} {RangeSpec: start='000000000001596658653041296076' end='000000000004064269471072392265'} {RangeState: state=STEADY timestamp=0 soft_limit=36000 transfer_log='/hypertable/tables/2/_xfer/cIJhlPcAFphym0me_1420483087' split_point='' old_boundary_row='' source=''} needs_compaction=false load_acknowledged=false }
{MetaLog::Entity RemoveOkLogs header={type=65541,checksum=636884968,id=2,timestamp=Mon Jan  5 18:38:03 2015,flags=0,length=126} payload={ , /hypertable/tables/2/_xfer/9UK5wN2AldHbeC9A_1420483087, /hypertable/tables/2/_xfer/cIJhlPcAFphym0me_1420483087}
{MetaLog::Entity Range header={type=65538,checksum=1953773810,id=10,timestamp=Mon Jan  5 18:38:08 2015,flags=0,length=161} payload={ {TableIdentifier: id='2' generation=1420483085791997000} {RangeSpec: start='000000000001596658653041296076' end='000000000004064269471072392265'} {RangeState: state=STEADY timestamp=0 soft_limit=36000 transfer_log='/hypertable/tables/2/_xfer/cIJhlPcAFphym0me_1420483087' split_point='' old_boundary_row='' source=''} needs_compaction=false load_acknowledged=true }
{MetaLog::Entity Range header={type=65538,checksum=1058835701,id=8,timestamp=Mon Jan  5 18:38:07 2015,flags=0,length=168} payload={ {TableIdentifier: id='2' generation=1420483085791997000} {RangeSpec: start='000000000004064269471072392265' end='ÿÿ'} {RangeState: state=SPLIT_LOG_INSTALLED timestamp=0 soft_limit=18000 transfer_log='/hypertable/tables/2/_xfer/B0VsymSP7MyDceif_1420483088' split_point='000000000006415147804992052732' old_boundary_row='ÿÿ' source='rs1'} needs_compaction=false load_acknowledged=true }
{MetaLog::Entity Range header={type=65538,checksum=-720664564,id=8,timestamp=Mon Jan  5 18:38:07 2015,flags=0,length=196} payload={ {TableIdentifier: id='2' generation=1420483085791997000} {RangeSpec: start='000000000004064269471072392265' end='000000000006415147804992052732'} {RangeState: state=SPLIT_SHRUNK timestamp=0 soft_limit=18000 transfer_log='/hypertable/tables/2/_xfer/B0VsymSP7MyDceif_1420483088' split_point='000000000006415147804992052732' old_boundary_row='ÿÿ' source='rs1'} needs_compaction=false load_acknowledged=true }
{MetaLog::Entity Range header={type=65538,checksum=-1601864871,id=8,timestamp=Mon Jan  5 18:38:07 2015,flags=0,length=107} payload={ {TableIdentifier: id='2' generation=1420483085791997000} {RangeSpec: start='000000000004064269471072392265' end='000000000006415147804992052732'} {RangeState: state=STEADY timestamp=0 soft_limit=36000 transfer_log='' split_point='' old_boundary_row='' source=''} needs_compaction=false load_acknowledged=true }
{MetaLog::Entity TaskAcknowledgeRelinquish 2[000000000006415147804992052732..ÿÿ] header={type=65540,checksum=1557311132,id=11,timestamp=Mon Jan  5 18:38:09 2015,flags=0,length=54} payload={ rs1 {TableIdentifier: id='2' generation=1420483085791997000} {RangeSpec: start='000000000006415147804992052732' end='ÿÿ'} }
{MetaLog::Entity Range header={type=65538,checksum=55655085,id=12,timestamp=Mon Jan  5 18:38:09 2015,flags=0,length=133} payload={ {TableIdentifier: id='2' generation=1420483085791997000} {RangeSpec: start='000000000006415147804992052732' end='ÿÿ'} {RangeState: state=STEADY timestamp=0 soft_limit=36000 transfer_log='/hypertable/tables/2/_xfer/B0VsymSP7MyDceif_1420483088' split_point='' old_boundary_row='' source=''} needs_compaction=false load_acknowledged=false }
{MetaLog::Entity RemoveOkLogs header={type=65541,checksum=-1404794468,id=2,timestamp=Mon Jan  5 18:38:03 2015,flags=0,length=182} payload={ , /hypertable/tables/2/_xfer/9UK5wN2AldHbeC9A_1420483087, /hypertable/tables/2/_xfer/B0VsymSP7MyDceif_1420483088, /hypertable/tables/2/_xfer/cIJhlPcAFphym0me_1420483087}
{MetaLog::Entity Range header={type=65538,checksum=89209773,id=12,timestamp=Mon Jan  5 18:38:09 2015,flags=0,length=133} payload={ {TableIdentifier: id='2' generation=1420483085791997000} {RangeSpec: start='000000000006415147804992052732' end='ÿÿ'} {RangeState: state=STEADY timestamp=0 soft_limit=36000 transfer_log='/hypertable/tables/2/_xfer/B0VsymSP7MyDceif_1420483088' split_point='' old_boundary_row='' source=''} needs_compaction=false load_acknowledged=true }
{MetaLog::Entity Range header={type=65538,checksum=-1313943017,id=6,timestamp=Mon Jan  5 18:38:06 2015,flags=0,length=194} payload={ {TableIdentifier: id='2' generation=1420483085791997000} {RangeSpec: start='' end='000000000001596658653041296076'} {RangeState: state=SPLIT_LOG_INSTALLED timestamp=0 soft_limit=36000 transfer_log='/hypertable/tables/2/_xfer/tOsEoSCmE79eKH4m_1420483090' split_point='000000000000913997788746244247' old_boundary_row='000000000001596658653041296076' source='rs1'} needs_compaction=false load_acknowledged=true }
{MetaLog::Entity Range header={type=65538,checksum=-127215331,id=6,timestamp=Mon Jan  5 18:38:06 2015,flags=0,length=194} payload={ {TableIdentifier: id='2' generation=1420483085791997000} {RangeSpec: start='' end='000000000000913997788746244247'} {RangeState: state=SPLIT_SHRUNK timestamp=0 soft_limit=36000 transfer_log='/hypertable/tables/2/_xfer/tOsEoSCmE79eKH4m_1420483090' split_point='000000000000913997788746244247' old_boundary_row='000000000001596658653041296076' source='rs1'} needs_compaction=false load_acknowledged=true }
{MetaLog::Entity Range header={type=65538,checksum=1849827046,id=6,timestamp=Mon Jan  5 18:38:06 2015,flags=0,length=77} payload={ {TableIdentifier: id='2' generation=1420483085791997000} {RangeSpec: start='' end='000000000000913997788746244247'} {RangeState: state=STEADY timestamp=0 soft_limit=72000 transfer_log='' split_point='' old_boundary_row='' source=''} needs_compaction=false load_acknowledged=true }
{MetaLog::Entity TaskAcknowledgeRelinquish 2[000000000000913997788746244247..000000000001596658653041296076] header={type=65540,checksum=735565222,id=13,timestamp=Mon Jan  5 18:38:10 2015,flags=0,length=82} payload={ rs1 {TableIdentifier: id='2' generation=1420483085791997000} {RangeSpec: start='000000000000913997788746244247' end='000000000001596658653041296076'} }
{MetaLog::Entity Range header={type=65538,checksum=-1590379742,id=14,timestamp=Mon Jan  5 18:38:10 2015,flags=0,length=161} payload={ {TableIdentifier: id='2' generation=1420483085791997000} {RangeSpec: start='000000000000913997788746244247' end='000000000001596658653041296076'} {RangeState: state=STEADY timestamp=0 soft_limit=72000 transfer_log='/hypertable/tables/2/_xfer/tOsEoSCmE79eKH4m_1420483090' split_point='' old_boundary_row='' source=''} needs_compaction=false load_acknowledged=false }
{MetaLog::Entity RemoveOkLogs header={type=65541,checksum=-1346524870,id=2,timestamp=Mon Jan  5 18:38:03 2015,flags=0,length=238} payload={ , /hypertable/tables/2/_xfer/9UK5wN2AldHbeC9A_1420483087, /hypertable/tables/2/_xfer/B0VsymSP7MyDceif_1420483088, /hypertable/tables/2/_xfer/cIJhlPcAFphym0me_1420483087, /hypertable/tables/2/_xfer/tOsEoSCmE79eKH4m_1420483090}
{MetaLog::Entity Range header={type=65538,checksum=-1556825054,id=14,timestamp=Mon Jan  5 18:38:10 2015,flags=0,length=161} payload={ {TableIdentifier: id='2' generation=1420483085791997000} {RangeSpec: start='000000000000913997788746244247' end='000000000001596658653041296076'} {RangeState: state=STEADY timestamp=0 soft_limit=72000 transfer_log='/hypertable/tables/2/_xfer/tOsEoSCmE79eKH4m_1420483090' split_point='' old_boundary_row='' source=''} needs_compaction=false load_acknowledged=true }
{MetaLog::Entity Range header={type=65538,checksum=-2024360379,id=8,timestamp=Mon Jan  5 18:38:07 2015,flags=0,length=224} payload={ {TableIdentifier: id='2' generation=1420483085791997000} {RangeSpec: start='000000000004064269471072392265' end='000000000006415147804992052732'} {RangeState: state=SPLIT_LOG_INSTALLED timestamp=0 soft_limit=36000 transfer_log='/hypertable/tables/2/_xfer/w_UQ7gssZA4B79sd_1420483091' split_point='000000000005270582582552298672' old_boundary_row='000000000006415147804992052732' source='rs1'} needs_compaction=false load_acknowledged=true }
{MetaLog::Entity Range header={type=65538,checksum=-1613514928,id=8,timestamp=Mon Jan  5 18:38:07 2015,flags=0,length=224} payload={ {TableIdentifier: id='2' generation=1420483085791997000} {RangeSpec: start='000000000004064269471072392265' end='000000000005270582582552298672'} {RangeState: state=SPLIT_SHRUNK timestamp=0 soft_limit=36000 transfer_log='/hypertable/tables/2/_xfer/w_UQ7gssZA4B79sd_1420483091' split_point='000000000005270582582552298672' old_boundary_row='000000000006415147804992052732' source='rs1'} needs_compaction=false load_acknowledged=true }
{MetaLog::Entity Range header={type=65538,checksum=-345438203,id=8,timestamp=Mon Jan  5 18:38:07 2015,flags=0,length=107} payload={ {TableIdentifier: id='2' generation=1420483085791997000} {RangeSpec: start='000000000004064269471072392265' end='000000000005270582582552298672'} {RangeState: state=STEADY timestamp=0 soft_limit=72000 transfer_log='' split_point='' old_boundary_row='' source=''} needs_compaction=false load_acknowledged=true }
{MetaLog::Entity TaskAcknowledgeRelinquish 2[000000000005270582582552298672..000000000006415147804992052732] header={type=65540,checksum=328847510,id=15,timestamp=Mon Jan  5 18:38:12 2015,flags=0,length=82} payload={ rs1 {TableIdentifier: id='2' generation=1420483085791997000} {RangeSpec: start='000000000005270582582552298672' end='000000000006415147804992052732'} }
{MetaLog::Entity Range header={type=65538,checksum=-72568778,id=16,timestamp=Mon Jan  5 18:38:12 2015,flags=0,length=161} payload={ {TableIdentifier: id='2' generation=1420483085791997000} {RangeSpec: start='000000000005270582582552298672' end='000000000006415147804992052732'} {RangeState: state=STEADY timestamp=0 soft_limit=72000 transfer_log='/hypertable/tables/2/_xfer/w_UQ7gssZA4B79sd_1420483091' split_point='' old_boundary_row='' source=''} needs_compaction=false load_acknowledged=false }
{MetaLog::Entity RemoveOkLogs header={type=65541,checksum=413327837,id=2,timestamp=Mon Jan  5 18:38:03 2015,flags=0,length=294} payload={ , /hypertable/tables/2/_xfer/9UK5wN2AldHbeC9A_1420483087, /hypertable/tables/2/_xfer/B0VsymSP7MyDceif_1420483088, /hypertable/tables/2/_xfer/cIJhlPcAFphym0me_1420483087, /hypertable/tables/2/_xfer/tOsEoSCmE79eKH4m_1420483090, /hypertable/tables/2/_xfer/w_UQ7gssZA4B79sd_1420483091}
{MetaLog::Entity Range header={type=65538,checksum=-39014090,id=16,timestamp=Mon Jan  5 18:38:12 2015,flags=0,length=161} payload={ {TableIdentifier: id='2' generation=1420483085791997000} {RangeSpec: start='000000000005270582582552298672' end='000000000006415147804992052732'} {RangeState: state=STEADY timestamp=0 soft_limit=72000 transfer_log='/hypertable/tables/2/_xfer/w_UQ7gssZA4B79sd_1420483091' split_point='' old_boundary_row='' source=''} needs_compaction=false load_acknowledged=true }
{MetaLog::Entity Range header={type=65538,checksum=-2114417203,id=6,timestamp=Mon Jan  5 18:38:06 2015,flags=0,length=194} payload={ {TableIdentifier: id='2' generation=1420483085791997000} {RangeSpec: start='' end='000000000000913997788746244247'} {RangeState: state=SPLIT_LOG_INSTALLED timestamp=0 soft_limit=72000 transfer_log='/hypertable/tables/2/_xfer/5y0xPZTkfJUSsJl8_1420483093' split_point='000000000000483647207114795940' old_boundary_row='000000000000913997788746244247' source='rs1'} needs_compaction=false load_acknowledged=true }
{MetaLog::Entity Range header={type=65538,checksum=-1730838074,id=6,timestamp=Mon Jan  5 18:38:06 2015,flags=0,length=194} payload={ {TableIdentifier: id='2' generation=1420483085791997000} {RangeSpec: start='' end='000000000000483647207114795940'} {RangeState: state=SPLIT_SHRUNK timestamp=0 soft_limit=72000 transfer_log='/hypertable/tables/2/_xfer/5y0xPZTkfJUSsJl8_1420483093' split_point='000000000000483647207114795940' old_boundary_row='000000000000913997788746244247' source='rs1'} needs_compaction=false load_acknowledged=true }
{MetaLog::Entity Range header={type=65538,checksum=746793760,id=6,timestamp=Mon Jan  5 18:38:06 2015,flags=0,length=77} payload={ {TableIdentifier: id='2' generation=1420483085791997000} {RangeSpec: start='' end='000000000000483647207114795940'} {RangeState: state=STEADY timestamp=0 soft_limit=144000 transfer_log='' split_point='' old_boundary_row='' source=''} needs_compaction=false load_acknowledged=true }
{MetaLog::Entity TaskAcknowledgeRelinquish 2[000000000000483647207114795940..000000000000913997788746244247] header={type=65540,checksum=-1613638497,id=17,timestamp=Mon Jan  5 18:38:13 2015,flags=0,length=82} payload={ rs1 {TableIdentifier: id='2' generation=1420483085791997000} {RangeSpec: start='000000000000483647207114795940' end='000000000000913997788746244247'} }
{MetaLog::Entity Range header={type=65538,checksum=-469172878,id=18,timestamp=Mon Jan  5 18:38:13 2015,flags=0,length=161} payload={ {TableIdentifier: id='2' generation=1420483085791997000} {RangeSpec: start='000000000000483647207114795940' end='000000000000913997788746244247'} {RangeState: state=STEADY timestamp=0 soft_limit=144000 transfer_log='/hypertable/tables/2/_xfer/5y0xPZTkfJUSsJl8_1420483093' split_point='' old_boundary_row='' source=''} needs_compaction=false load_acknowledged=false }
{MetaLog::Entity RemoveOkLogs header={type=65541,checksum=-1714286164,id=2,timestamp=Mon Jan  5 18:38:03 2015,flags=0,length=350} payload={ , /hypertable/tables/2/_xfer/5y0xPZTkfJUSsJl8_1420483093, /hypertable/tables/2/_xfer/9UK5wN2AldHbeC9A_1420483087, /hypertable/tables/2/_xfer/B0VsymSP7MyDceif_1420483088, /hypertable/tables/2/_xfer/cIJhlPcAFphym0me_1420483087, /hypertable/tables/2/_xfer/tOsEoSCmE79eKH4m_1420483090, /hypertable/tables/2/_xfer/w_UQ7gssZA4B79sd_1420483091}
{MetaLog::Entity Range header={type=65538,checksum=-435618190,id=18,timestamp=Mon Jan  5 18:38:13 2015,flags=0,length=161} payload={ {TableIdentifier: id='2' generation=1420483085791997000} {RangeSpec: start='000000000000483647207114795940' end='000000000000913997788746244247'} {RangeState: state=STEADY timestamp=0 soft_limit=144000 transfer_log='/hypertable/tables/2/_xfer/5y0xPZTkfJUSsJl8_1420483093' split_point='' old_boundary_row='' source=''} needs_compaction=false load_acknowledged=true }
{MetaLog::Entity Range header={type=65538,checksum=-1345209531,id=8,timestamp=Mon Jan  5 18:38:07 2015,flags=0,length=224} payload={ {TableIdentifier: id='2' generation=1420483085791997000} {RangeSpec: start='000000000004064269471072392265' end='000000000005270582582552298672'} {RangeState: state=SPLIT_LOG_INSTALLED timestamp=0 soft_limit=72000 transfer_log='/hypertable/tables/2/_xfer/nhinPVZqXwdXhuZ7_1420483094' split_point='000000000004614866454256249094' old_boundary_row='000000000005270582582552298672' source='rs1'} needs_compaction=false load_acknowledged=true }
{MetaLog::Entity Range header={type=65538,checksum=393332282,id=8,timestamp=Mon Jan  5 18:38:07 2015,flags=0,length=224} payload={ {TableIdentifier: id='2' generation=1420483085791997000} {RangeSpec: start='000000000004064269471072392265' end='000000000004614866454256249094'} {RangeState: state=SPLIT_SHRUNK timestamp=0 soft_limit=72000 transfer_log='/hypertable/tables/2/_xfer/nhinPVZqXwdXhuZ7_1420483094' split_point='000000000004614866454256249094' old_boundary_row='000000000005270582582552298672' source='rs1'} needs_compaction=false load_acknowledged=true }
{MetaLog::Entity Range header={type=65538,checksum=-984667333,id=8,timestamp=Mon Jan  5 18:38:07 2015,flags=0,length=107} payload={ {TableIdentifier: id='2' generation=1420483085791997000} {RangeSpec: start='000000000004064269471072392265' end='000000000004614866454256249094'} {RangeState: state=STEADY timestamp=0 soft_limit=144000 transfer_log='' split_point='' old_boundary_row='' source=''} needs_compaction=false load_acknowledged=true }
{MetaLog::Entity TaskAcknowledgeRelinquish 2[000000000004614866454256249094..000000000005270582582552298672] header={type=65540,checksum=2102186144,id=19,timestamp=Mon Jan  5 18:38:14 2015,flags=0,length=82} payload={ rs1 {TableIdentifier: id='2' generation=1420483085791997000} {RangeSpec: start='000000000004614866454256249094' end='000000000005270582582552298672'} }
{MetaLog::Entity Range header={type=65538,checksum=-1059700276,id=20,timestamp=Mon Jan  5 18:38:14 2015,flags=0,length=161} payload={ {TableIdentifier: id='2' generation=1420483085791997000} {RangeSpec: start='000000000004614866454256249094' end='000000000005270582582552298672'} {RangeState: state=STEADY timestamp=0 soft_limit=144000 transfer_log='/hypertable/tables/2/_xfer/nhinPVZqXwdXhuZ7_1420483094' split_point='' old_boundary_row='' source=''} needs_compaction=false load_acknowledged=false }
{MetaLog::Entity RemoveOkLogs header={type=65541,checksum=-143745347,id=2,timestamp=Mon Jan  5 18:38:03 2015,flags=0,length=406} payload={ , /hypertable/tables/2/_xfer/5y0xPZTkfJUSsJl8_1420483093, /hypertable/tables/2/_xfer/9UK5wN2AldHbeC9A_1420483087, /hypertable/tables/2/_xfer/B0VsymSP7MyDceif_1420483088, /hypertable/tables/2/_xfer/cIJhlPcAFphym0me_1420483087, /hypertable/tables/2/_xfer/nhinPVZqXwdXhuZ7_1420483094, /hypertable/tables/2/_xfer/tOsEoSCmE79eKH4m_1420483090, /hypertable/tables/2/_xfer/w_UQ7gssZA4B79sd_1420483091}
{MetaLog::Entity Range header={type=65538,checksum=-1026145588,id=20,timestamp=Mon Jan  5 18:38:14 2015,flags=0,length=161} payload={ {TableIdentifier: id='2' generation=1420483085791997000} {RangeSpec: start='000000000004614866454256249094' end='000000000005270582582552298672'} {RangeState: state=STEADY timestamp=0 soft_limit=144000 transfer_log='/hypertable/tables/2/_xfer/nhinPVZqXwdXhuZ7_1420483094' split_point='' old_boundary_row='' source=''} needs_compaction=false load_acknowledged=true }
{MetaLog::Entity Range header={type=65538,checksum=1274516996,id=12,timestamp=Mon Jan  5 18:38:09 2015,flags=0,length=168} payload={ {TableIdentifier: id='2' generation=1420483085791997000} {RangeSpec: start='000000000006415147804992052732' end='ÿÿ'} {RangeState: state=SPLIT_LOG_INSTALLED timestamp=0 soft_limit=36000 transfer_log='/hypertable/tables/2/_xfer/mcqZRwY1FPJU32_6_1420483096' split_point='000000000007833393555570324513' old_boundary_row='ÿÿ' source='rs1'} needs_compaction=false load_acknowledged=true }
{MetaLog::Entity Range header={type=65538,checksum=-911567081,id=12,timestamp=Mon Jan  5 18:38:09 2015,flags=0,length=196} payload={ {TableIdentifier: id='2' generation=1420483085791997000} {RangeSpec: start='000000000006415147804992052732' end='000000000007833393555570324513'} {RangeState: state=SPLIT_SHRUNK timestamp=0 soft_limit=36000 transfer_log='/hypertable/tables/2/_xfer/mcqZRwY1FPJU32_6_1420483096' split_point='000000000007833393555570324513' old_boundary_row='ÿÿ' source='rs1'} needs_compaction=false load_acknowledged=true }
{MetaLog::Entity Range header={type=65538,checksum=-1421798416,id=12,timestamp=Mon Jan  5 18:38:09 2015,flags=0,length=107} payload={ {TableIdentifier: id='2' generation=1420483085791997000} {RangeSpec: start='000000000006415147804992052732' end='000000000007833393555570324513'} {RangeState: state=STEADY timestamp=0 soft_limit=72000 transfer_log='' split_point='' old_boundary_row='' source=''} needs_compaction=false load_acknowledged=true }
{MetaLog::Entity TaskAcknowledgeRelinquish 2[000000000007833393555570324513..ÿÿ] header={type=65540,checksum=1527884450,id=21,timestamp=Mon Jan  5 18:38:16 2015,flags=0,length=54} payload={ rs1 {TableIdentifier: id='2' generation=1420483085791997000} {RangeSpec: start='000000000007833393555570324513' end='ÿÿ'} }
{MetaLog::Entity Range header={type=65538,checksum=-1703312366,id=22,timestamp=Mon Jan  5 18:38:16 2015,flags=0,length=133} payload={ {TableIdentifier: id='2' generation=1420483085791997000} {RangeSpec: start='000000000007833393555570324513' end='ÿÿ'} {RangeState: state=STEADY timestamp=0 soft_limit=72000 transfer_log='/hypertable/tables/2/_xfer/mcqZRwY1FPJU32_6_1420483096' split_point='' old_boundary_row='' source=''} needs_compaction=false load_acknowledged=false }
{MetaLog::Entity RemoveOkLogs header={type=65541,checksum=2349352,id=2,timestamp=Mon Jan  5 18:38:03 2015,flags=0,length=462} payload={ , /hypertable/tables/2/_xfer/5y0xPZTkfJUSsJl8_1420483093, /hypertable/tables/2/_xfer/9UK5wN2AldHbeC9A_1420483087, /hypertable/tables/2/_xfer/B0VsymSP7MyDceif_1420483088, /hypertable/tables/2/_xfer/cIJhlPcAFphym0me_1420483087, /hypertable/tables/2/_xfer/mcqZRwY1FPJU32_6_1420483096, /hypertable/tables/2/_xfer/nhinPVZqXwdXhuZ7_1420483094, /hypertable/tables/2/_xfer/tOsEoSCmE79eKH4m_1420483090, /hypertable/tables/2/_xfer/w_UQ7gssZA4B79sd_1420483091}
{MetaLog::Entity Range header={type=65538,checksum=-1669757678,id=22,timestamp=Mon Jan  5 18:38:16 2015,flags=0,length=133} payload={ {TableIdentifier: id='2' generation=1420483085791997000} {RangeSpec: start='000000000007833393555570324513' end='ÿÿ'} {RangeState: state=STEADY timestamp=0 soft_limit=72000 transfer_log='/hypertable/tables/2/_xfer/mcqZRwY1FPJU32_6_1420483096' split_point='' old_boundary_row='' source=''} needs_compaction=false load_acknowledged=true }
{MetaLog::Entity Range header={type=65538,checksum=259852080,id=6,timestamp=Mon Jan  5 18:38:06 2015,flags=0,length=194} payload={ {TableIdentifier: id='2' generation=1420483085791997000} {RangeSpec: start='' end='000000000000483647207114795940'} {RangeState: state=SPLIT_LOG_INSTALLED timestamp=0 soft_limit=144000 transfer_log='/hypertable/tables/2/_xfer/lBadb5fGyT45-mf0_1420483097' split_point='000000000000261483412066894693' old_boundary_row='000000000000483647207114795940' source='rs1'} needs_compaction=false load_acknowledged=true }
{MetaLog::Entity Range header={type=65538,checksum=1670057770,id=6,timestamp=Mon Jan  5 18:38:06 2015,flags=0,length=194} payload={ {TableIdentifier: id='2' generation=1420483085791997000} {RangeSpec: start='' end='000000000000261483412066894693'} {RangeState: state=SPLIT_SHRUNK timestamp=0 soft_limit=144000 transfer_log='/hypertable/tables/2/_xfer/lBadb5fGyT45-mf0_1420483097' split_point='000000000000261483412066894693' old_boundary_row='000000000000483647207114795940' source='rs1'} needs_compaction=false load_acknowledged=true }
{MetaLog::Entity Range header={type=65538,checksum=-37515047,id=4,timestamp=Mon Jan  5 18:38:04 2015,flags=0,length=150} payload={ {TableIdentifier: id='0/0' generation=3} {RangeSpec: start='0/0:ÿÿ' end='ÿÿ'} {RangeState: state=SPLIT_LOG_INSTALLED timestamp=0 soft_limit=10000 transfer_log='/hypertable/tables/0/0/_xfer/8d8ZylnAhfzBq_Ro_1420483097' split_point='2:000000000004064269471072392265' old_boundary_row='ÿÿ' source='rs1'} needs_compaction=false load_acknowledged=true }
{MetaLog::Entity Range header={type=65538,checksum=-1686018916,id=6,timestamp=Mon Jan  5 18:38:06 2015,flags=0,length=77} payload={ {TableIdentifier: id='2' generation=1420483085791997000} {RangeSpec: start='' end='000000000000261483412066894693'} {RangeState: state=STEADY timestamp=0 soft_limit=288000 transfer_log='' split_point='' old_boundary_row='' source=''} needs_compaction=false load_acknowledged=true }
{MetaLog::Entity TaskAcknowledgeRelinquish 2[000000000000261483412066894693..000000000000483647207114795940] header={type=65540,checksum=-288110695,id=23,timestamp=Mon Jan  5 18:38:17 2015,flags=0,length=82} payload={ rs1 {TableIdentifier: id='2' generation=1420483085791997000} {RangeSpec: start='000000000000261483412066894693' end='000000000000483647207114795940'} }
